// Jest Snapshot v1, https://goo.gl/fbAQLP

exports[`Footer renders correctly 1`] = `
<div
  className="container"
>
  <section
    className="footer-nav col-2"
  >
    <nav
      className="channels"
    >
      <h3>
        Channels
      </h3>
      <ul>
        <li>
          <a
            href="#"
          >
            Art & Design
          </a>
        </li>
        <li>
          <a
            href="#"
          >
            Automobiles
          </a>
        </li>
        <li>
          <a
            href="#"
          >
            Books
          </a>
        </li>
        <li>
          <a
            href="#"
          >
            Business
          </a>
        </li>
        <li>
          <a
            href="#"
          >
            Celebrity
          </a>
        </li>
        <li>
          <a
            href="#"
          >
            Education
          </a>
        </li>
        <li>
          <a
            href="#"
          >
            Fashion
          </a>
        </li>
        <li>
          <a
            href="#"
          >
            Food
          </a>
        </li>
        <li>
          <a
            href="#"
          >
            Health
          </a>
        </li>
        <li>
          <a
            href="#"
          >
            Jobs
          </a>
        </li>
        <li>
          <a
            href="#"
          >
            Movies
          </a>
        </li>
        <li>
          <a
            href="#"
          >
            Music
          </a>
        </li>
        <li>
          <a
            href="#"
          >
            News
          </a>
        </li>
        <li>
          <a
            href="#"
          >
            Politics
          </a>
        </li>
        <li>
          <a
            href="#"
          >
            Real Estate
          </a>
        </li>
        <li>
          <a
            href="#"
          >
            Science
          </a>
        </li>
        <li>
          <a
            href="#"
          >
            Sports
          </a>
        </li>
        <li>
          <a
            href="#"
          >
            Technology
          </a>
        </li>
        <li>
          <a
            href="#"
          >
            Travel
          </a>
        </li>
        <li>
          <a
            href="#"
          >
            TV
          </a>
        </li>
      </ul>
    </nav>
  </section>
</div>
`;
